MORESIMPLE REPORT:


############### BuiltIn -> RuleGroup=Design Read ###############
+++++++++++++++++++++++++++++++++++++++++++++++++++++++++++++++++++++++++++++++++++++++
ID       Rule                    Alias                   Severity    File                                                                                  Line    Wt    Message
======================================================================================
[5]      DetectTopDesignUnits    DetectTopDesignUnits    Info        iob_regfile_dp.v                                                                      3       2     Module iob_regfile_dp is a top level design unit
[45]     Domain_Matrix01                                 Info        spyglass.sgdc                                                                         2       10    Domain Matrix for design "iob_regfile_dp",  based on the individual constraints defined in the SDC as inferred in the Sta mode
[4]      ElabSummary             ElabSummary             Info        ./spyglass/iob_regfile_dp/lint/lint_rtl/spyglass_reports/SpyGlass/elab_summary.rpt    0       2     Please refer file './spyglass/iob_regfile_dp/lint/lint_rtl/spyglass_reports/SpyGlass/elab_summary.rpt' for elab summary report
+++++++++++++++++++++++++++++++++++++++++++++++++++++++++++++++++++++++++++++++++++++++


############### Non-BuiltIn -> Goal=lint/lint_rtl ###############
+++++++++++++++++++++++++++++++++++++++++++++++++++++++++++++++++++++++++++++++++++++++
ID       Rule                              Alias                             Severity        File                                                                                     Line    Wt    Message
======================================================================================
[2]      ExprParen                         (OpenMORE 5.6.5.1)                Guideline       iob_regfile_dp.v                                                                         25      2     Use parenthesis in complex expressions (Operators - and ** used)
[3]      ExprParen                         (OpenMORE 5.6.5.1)                Guideline       iob_regfile_dp.v                                                                         38      2     Use parenthesis in complex expressions (Operators < and ** used)
[E]      NameLength                        (OpenMORE 5.2.1.5)                Guideline       iob_regfile_dp.v                                                                         29      2     Identifier 'we' length is not between 3 and 40 characters
[F]      NameLength                        (OpenMORE 5.2.1.5)                Guideline       iob_regfile_dp.v                                                                         36      2     Identifier 'i' length is not between 3 and 40 characters
[6]      PortName                          (OpenMORE 5.2.1.2 and 5.2.1.4)    Guideline       iob_regfile_dp.v                                                                         13      2     Port weA_i does not follow naming convention
[7]      PortName                          (OpenMORE 5.2.1.2 and 5.2.1.4)    Guideline       iob_regfile_dp.v                                                                         14      2     Port addrA_i does not follow naming convention
[8]      PortName                          (OpenMORE 5.2.1.2 and 5.2.1.4)    Guideline       iob_regfile_dp.v                                                                         15      2     Port wdataA_i does not follow naming convention
[9]      PortName                          (OpenMORE 5.2.1.2 and 5.2.1.4)    Guideline       iob_regfile_dp.v                                                                         16      2     Port rdataA_o does not follow naming convention
[A]      PortName                          (OpenMORE 5.2.1.2 and 5.2.1.4)    Guideline       iob_regfile_dp.v                                                                         19      2     Port weB_i does not follow naming convention
[B]      PortName                          (OpenMORE 5.2.1.2 and 5.2.1.4)    Guideline       iob_regfile_dp.v                                                                         20      2     Port addrB_i does not follow naming convention
[C]      PortName                          (OpenMORE 5.2.1.2 and 5.2.1.4)    Guideline       iob_regfile_dp.v                                                                         21      2     Port wdataB_i does not follow naming convention
[D]      PortName                          (OpenMORE 5.2.1.2 and 5.2.1.4)    Guideline       iob_regfile_dp.v                                                                         22      2     Port rdataB_o does not follow naming convention
[4E]     RegInput-ML                       RegInput-ML                       Warning         iob_regfile_dp.v                                                                         14      10    Input port 'addrA_i[1:0]' is not registered [module:iob_regfile_dp]
[4D]     RegInput-ML                       RegInput-ML                       Warning         iob_regfile_dp.v                                                                         20      10    Input port 'addrB_i[1:0]' is not registered [module:iob_regfile_dp]
[3B]     RegOutName                        (OpenMORE 5.2.1.13)               Guideline       iob_regfile_dp.v                                                                         44      5     Register output name 'reg_file' should end with regular expression /^(.*)_o/
[48]     RegOutputs                        (OpenMORE 5.6.1.1)                Guideline       iob_regfile_dp.v                                                                         32      5     Port 'rdataA_o[31:0]' is not driven by a register
[47]     RegOutputs                        (OpenMORE 5.6.1.1)                Guideline       iob_regfile_dp.v                                                                         33      5     Port 'rdataB_o[31:0]' is not driven by a register
[49]     STARC-2.3.4.3                     AsyncResetOrSet                   Recommended     iob_regfile_dp.v                                                                         44      10    Flip-flop 'reg_file[3][31:0]' has neither asynchronous set nor asynchronous reset. [Hierarchy: 'iob_regfile_dp']
[4A]     STARC-2.3.4.3                     AsyncResetOrSet                   Recommended     iob_regfile_dp.v                                                                         44      10    Flip-flop 'reg_file[2][31:0]' has neither asynchronous set nor asynchronous reset. [Hierarchy: 'iob_regfile_dp']
[4B]     STARC-2.3.4.3                     AsyncResetOrSet                   Recommended     iob_regfile_dp.v                                                                         44      10    Flip-flop 'reg_file[1][31:0]' has neither asynchronous set nor asynchronous reset. [Hierarchy: 'iob_regfile_dp']
[4C]     STARC-2.3.4.3                     AsyncResetOrSet                   Recommended     iob_regfile_dp.v                                                                         44      10    Flip-flop 'reg_file[0][31:0]' has neither asynchronous set nor asynchronous reset. [Hierarchy: 'iob_regfile_dp']
[10]     STARC-2.7.3.4                     MergeIf                           Recommended     iob_regfile_dp.v                                                                         43      5     Merge "if" condition into the parent "if/else if" branch to reduce nesting depth
[2B]     STARC-3.1.3.4b                    SignalComment                     Recommended     iob_regfile_dp.v                                                                         9       5     Port or signal declaration does not have comments
[2C]     STARC-3.1.3.4b                    SignalComment                     Recommended     iob_regfile_dp.v                                                                         10      5     Port or signal declaration does not have comments
[2D]     STARC-3.1.3.4b                    SignalComment                     Recommended     iob_regfile_dp.v                                                                         14      5     Port or signal declaration does not have comments
[2E]     STARC-3.1.3.4b                    SignalComment                     Recommended     iob_regfile_dp.v                                                                         15      5     Port or signal declaration does not have comments
[2F]     STARC-3.1.3.4b                    SignalComment                     Recommended     iob_regfile_dp.v                                                                         16      5     Port or signal declaration does not have comments
[30]     STARC-3.1.3.4b                    SignalComment                     Recommended     iob_regfile_dp.v                                                                         20      5     Port or signal declaration does not have comments
[31]     STARC-3.1.3.4b                    SignalComment                     Recommended     iob_regfile_dp.v                                                                         21      5     Port or signal declaration does not have comments
[32]     STARC-3.1.3.4b                    SignalComment                     Recommended     iob_regfile_dp.v                                                                         22      5     Port or signal declaration does not have comments
[33]     STARC-3.1.3.4b                    SignalComment                     Recommended     iob_regfile_dp.v                                                                         25      5     Port or signal declaration does not have comments
[34]     STARC-3.1.3.4b                    SignalComment                     Recommended     iob_regfile_dp.v                                                                         27      5     Port or signal declaration does not have comments
[35]     STARC-3.1.3.4b                    SignalComment                     Recommended     iob_regfile_dp.v                                                                         28      5     Port or signal declaration does not have comments
[36]     STARC-3.1.3.4b                    SignalComment                     Recommended     iob_regfile_dp.v                                                                         29      5     Port or signal declaration does not have comments
[1F]     STARC05-3.1.3.4b                  SignalComment                     Recommended3    iob_regfile_dp.v                                                                         9       5     Port or signal declaration does not have comments
[20]     STARC05-3.1.3.4b                  SignalComment                     Recommended3    iob_regfile_dp.v                                                                         10      5     Port or signal declaration does not have comments
[21]     STARC05-3.1.3.4b                  SignalComment                     Recommended3    iob_regfile_dp.v                                                                         14      5     Port or signal declaration does not have comments
[22]     STARC05-3.1.3.4b                  SignalComment                     Recommended3    iob_regfile_dp.v                                                                         15      5     Port or signal declaration does not have comments
[23]     STARC05-3.1.3.4b                  SignalComment                     Recommended3    iob_regfile_dp.v                                                                         16      5     Port or signal declaration does not have comments
[24]     STARC05-3.1.3.4b                  SignalComment                     Recommended3    iob_regfile_dp.v                                                                         20      5     Port or signal declaration does not have comments
[25]     STARC05-3.1.3.4b                  SignalComment                     Recommended3    iob_regfile_dp.v                                                                         21      5     Port or signal declaration does not have comments
[26]     STARC05-3.1.3.4b                  SignalComment                     Recommended3    iob_regfile_dp.v                                                                         22      5     Port or signal declaration does not have comments
[27]     STARC05-3.1.3.4b                  SignalComment                     Recommended3    iob_regfile_dp.v                                                                         25      5     Port or signal declaration does not have comments
[28]     STARC05-3.1.3.4b                  SignalComment                     Recommended3    iob_regfile_dp.v                                                                         27      5     Port or signal declaration does not have comments
[29]     STARC05-3.1.3.4b                  SignalComment                     Recommended3    iob_regfile_dp.v                                                                         28      5     Port or signal declaration does not have comments
[2A]     STARC05-3.1.3.4b                  SignalComment                     Recommended3    iob_regfile_dp.v                                                                         29      5     Port or signal declaration does not have comments
[37]     STARC05-3.5.6.2                   Comment                           Recommended2    iob_regfile_dp.v                                                                         39      5     Description does not have comments
[38]     STARC05-3.5.6.2                   Comment                           Recommended2    iob_regfile_dp.v                                                                         40      5     Description does not have comments
[39]     STARC05-3.5.6.2                   Comment                           Recommended2    iob_regfile_dp.v                                                                         42      5     Description does not have comments
[3A]     STARC05-3.5.6.2                   Comment                           Recommended2    iob_regfile_dp.v                                                                         43      5     Description does not have comments
[1A]     SignedUnsignedExpr-ML                                               Warning         iob_regfile_dp.v                                                                         43      5     Unsigned expression 'addr' used with signed expression 'i' in comparison
[11]     UseBusWidth-ML                                                      Guideline       iob_regfile_dp.v                                                                         27      2     Bus-width not specified for the bus 'addrA_i'
[12]     UseBusWidth-ML                                                      Guideline       iob_regfile_dp.v                                                                         27      2     Bus-width not specified for the bus 'addrB_i'
[13]     UseBusWidth-ML                                                      Guideline       iob_regfile_dp.v                                                                         28      2     Bus-width not specified for the bus 'wdataA_i'
[14]     UseBusWidth-ML                                                      Guideline       iob_regfile_dp.v                                                                         28      2     Bus-width not specified for the bus 'wdataB_i'
[15]     UseBusWidth-ML                                                      Guideline       iob_regfile_dp.v                                                                         32      2     Bus-width not specified for the bus 'rdataA_o'
[16]     UseBusWidth-ML                                                      Guideline       iob_regfile_dp.v                                                                         33      2     Bus-width not specified for the bus 'rdataB_o'
[17]     UseBusWidth-ML                                                      Guideline       iob_regfile_dp.v                                                                         44      2     Bus-width not specified for the bus 'wdata'
[19]     HierarchyReport-ML                                                  Info            ./spyglass/iob_regfile_dp/lint/lint_rtl/spyglass_reports/morelint/HierarchyReport.rpt    0       2     The report 'HierarchyReport.rpt' is generated with the hierarchical details of used global entities
[0]      LatchReset                                                          Info            N.A.                                                                                     0       10    Invalid or no argument passed to parameter latch_reset. Rule checking skipped
[1B]     NonReusableParametricModule-ML                                      Info            iob_regfile_dp.v                                                                         5       10    Parameter 'ADDR_W' of module 'iob_regfile_dp' is used as physical determinant to distinguish between flavors
[1C]     NonReusableParametricModule-ML                                      Info            iob_regfile_dp.v                                                                         6       10    Parameter 'DATA_W' of module 'iob_regfile_dp' is used as physical determinant to distinguish between flavors
[1]      W422L                             MultipleClock                     Info            N.A.                                                                                     0       10    Invalid or no argument passed to parameter latch_clock. Rule checking skipped
+++++++++++++++++++++++++++++++++++++++++++++++++++++++++++++++++++++++++++++++++++++++
