MORESIMPLE REPORT:


############### BuiltIn -> RuleGroup=Design Read ###############
+++++++++++++++++++++++++++++++++++++++++++++++++++++++++++++++++++++++++++++++++++++++
ID       Rule                    Alias                   Severity    File                                                                                 Line    Wt    Message
======================================================================================
[1]      DetectTopDesignUnits    DetectTopDesignUnits    Info        iob_fifo_sync.v                                                                      4       2     Module iob_fifo_sync is a top level design unit
[100]    Domain_Matrix01                                 Info        spyglass.sgdc                                                                        2       10    Domain Matrix for design "iob_fifo_sync",  based on the individual constraints defined in the SDC as inferred in the Sta mode
[0]      ElabSummary             ElabSummary             Info        ./spyglass/iob_fifo_sync/lint/lint_rtl/spyglass_reports/SpyGlass/elab_summary.rpt    0       2     Please refer file './spyglass/iob_fifo_sync/lint/lint_rtl/spyglass_reports/SpyGlass/elab_summary.rpt' for elab summary report
+++++++++++++++++++++++++++++++++++++++++++++++++++++++++++++++++++++++++++++++++++++++


############### Non-BuiltIn -> Goal=lint/lint_rtl ###############
+++++++++++++++++++++++++++++++++++++++++++++++++++++++++++++++++++++++++++++++++++++++
ID       Rule              Alias                 Severity     File                      Line    Wt    Message
======================================================================================
[104]    ClkHierName       (OpenMORE 5.2.1.7)    Guideline    iob_fifo_sync.v           55      5     Clock signal name 'clk_i[0]' does not match lower-level name 'clk_i' (instance w_addr_cnt0)
[105]    ClkHierName       (OpenMORE 5.2.1.7)    Guideline    iob_fifo_sync.v           73      5     Clock signal name 'clk_i[0]' does not match lower-level name 'clk_i' (instance r_addr_cnt0)
[106]    ClkHierName       (OpenMORE 5.2.1.7)    Guideline    iob_fifo_sync.v           93      5     Clock signal name 'clk_i[0]' does not match lower-level name 'clk_i' (instance level_reg0)
[107]    ClkHierName       (OpenMORE 5.2.1.7)    Guideline    iob_fifo_sync.v           124     5     Clock signal name 'clk_i[0]' does not match lower-level name 'clk_i' (instance r_empty_reg0)
[108]    ClkHierName       (OpenMORE 5.2.1.7)    Guideline    iob_fifo_sync.v           139     5     Clock signal name 'clk_i[0]' does not match lower-level name 'clk_i' (instance w_full_reg0)
[7]      NameLength        (OpenMORE 5.2.1.5)    Guideline    iob_ram_2p_asym_wler.v    51      2     Identifier 'm' length is not between 3 and 40 characters
[8]      NameLength        (OpenMORE 5.2.1.5)    Guideline    iob_ram_2p_asym_wler.v    51      2     Identifier 'q' length is not between 3 and 40 characters
[9]      NameLength        (OpenMORE 5.2.1.5)    Guideline    iob_ram_2p_asym_wler.v    78      2     Identifier 'p' length is not between 3 and 40 characters
[2]      NoTopLogic        (OpenMORE 5.6.8.1)    Guideline    iob_fifo_sync.v           51      5     Logic inferred at the top level
[3]      NoTopLogic        (OpenMORE 5.6.8.1)    Guideline    iob_fifo_sync.v           69      5     Logic inferred at the top level
[4]      NoTopLogic        (OpenMORE 5.6.8.1)    Guideline    iob_fifo_sync.v           108     5     Logic inferred at the top level
[5]      NoTopLogic        (OpenMORE 5.6.8.1)    Guideline    iob_fifo_sync.v           123     5     Logic inferred at the top level
[6]      NoTopLogic        (OpenMORE 5.6.8.1)    Guideline    iob_fifo_sync.v           138     5     Logic inferred at the top level
[112]    RegInput-ML       RegInput-ML           Warning      iob_fifo_sync.v           32      10    Input port 'ext_mem_r_data_i[20:0]' is not registered [module:iob_fifo_sync]
[111]    RegInput-ML       RegInput-ML           Warning      iob_fifo_sync.v           35      10    Input port 'r_en_i[0]' is not registered [module:iob_fifo_sync]
[110]    RegInput-ML       RegInput-ML           Warning      iob_fifo_sync.v           39      10    Input port 'w_en_i[0]' is not registered [module:iob_fifo_sync]
[10F]    RegInput-ML       RegInput-ML           Warning      iob_fifo_sync.v           40      10    Input port 'w_data_i[20:0]' is not registered [module:iob_fifo_sync]
[10E]    RegInput-ML       RegInput-ML           Warning      iob_ram_2p_asym_wler.v    25      10    Input port 'ext_mem_r_data_i[20:0]' is not registered [module:iob_ram_2p_asym_wler]
[109]    RegInput-ML       RegInput-ML           Warning      iob_ram_2p_asym_wler.v    28      10    Input port 'w_en_i' is not registered [module:iob_ram_2p_asym_wler]
[10D]    RegInput-ML       RegInput-ML           Warning      iob_ram_2p_asym_wler.v    29      10    Input port 'w_addr_i[20:0]' is not registered [module:iob_ram_2p_asym_wler]
[10C]    RegInput-ML       RegInput-ML           Warning      iob_ram_2p_asym_wler.v    30      10    Input port 'w_data_i[20:0]' is not registered [module:iob_ram_2p_asym_wler]
[10A]    RegInput-ML       RegInput-ML           Warning      iob_ram_2p_asym_wler.v    32      10    Input port 'r_en_i' is not registered [module:iob_ram_2p_asym_wler]
[10B]    RegInput-ML       RegInput-ML           Warning      iob_ram_2p_asym_wler.v    33      10    Input port 'r_addr_i[20:0]' is not registered [module:iob_ram_2p_asym_wler]
[103]    RegOutputs        (OpenMORE 5.6.1.1)    Guideline    iob_fifo_sync.v           182     5     Port 'ext_mem_w_en_o[0]' is not driven by a register
[102]    RegOutputs        (OpenMORE 5.6.1.1)    Guideline    iob_fifo_sync.v           185     5     Port 'ext_mem_r_en_o[0]' is not driven by a register
[4B]     UnInitParam-ML                          Warning      iob_fifo_sync.v           177     2     Instance iob_ram_2p_asym0 instantiated but parameter not specified
[74]     W328                                    Warning      iob_fifo_sync.v           48      5     Non-significant bits of constant are truncated during assignment (lhs width 22, rhs width 32)[Hierarchy: ':iob_fifo_sync']
[A]      W34                                     Info         iob_lib.vh                10      2     Macro 'IOB_ABS' is never used
[B]      W34                                     Info         iob_lib.vh                11      2     Macro 'IOB_MUX2' is never used
[C]      W34                                     Info         iob_lib.vh                13      2     Macro 'IOB_MUX' is never used
[D]      W34                                     Info         iob_lib.vh                14      2     Macro 'IOB_DEMUX' is never used
[E]      W34                                     Info         iob_lib.vh                18      2     Macro 'IOB_INPUT_SIGNED' is never used
[F]      W34                                     Info         iob_lib.vh                20      2     Macro 'IOB_OUTPUT_VAR' is never used
[10]     W34                                     Info         iob_lib.vh                21      2     Macro 'IOB_INOUT' is never used
[11]     W34                                     Info         iob_lib.vh                25      2     Macro 'IOB_WIRE_SIGNED' is never used
[12]     W34                                     Info         iob_lib.vh                27      2     Macro 'IOB_VAR_SIGNED' is never used
[13]     W34                                     Info         iob_lib.vh                28      2     Macro 'IOB_VAR2WIRE' is never used
[14]     W34                                     Info         iob_lib.vh                30      2     Macro 'IOB_WIREARRAY_2D' is never used
[15]     W34                                     Info         iob_lib.vh                31      2     Macro 'IOB_WIREARRAY_2D_SIGNED' is never used
[16]     W34                                     Info         iob_lib.vh                32      2     Macro 'IOB_VARARRAY_2D' is never used
[17]     W34                                     Info         iob_lib.vh                33      2     Macro 'IOB_VARARRAY_2D_SIGNED' is never used
[18]     W34                                     Info         iob_lib.vh                36      2     Macro 'IOB_NBYTES' is never used
[19]     W34                                     Info         iob_lib.vh                37      2     Macro 'IOB_NBYTES_W' is never used
[1A]     W34                                     Info         iob_lib.vh                38      2     Macro 'IOB_BYTE_OFFSET' is never used
[1B]     W34                                     Info         iob_lib.vh                39      2     Macro 'IOB_WORD_ADDR' is never used
[1C]     W34                                     Info         iob_lib.vh                40      2     Macro 'IOB_GET_NBYTES' is never used
[1D]     W34                                     Info         iob_lib.vh                41      2     Macro 'IOB_GET_WDATA' is never used
[1E]     W34                                     Info         iob_lib.vh                42      2     Macro 'IOB_GET_WSTRB' is never used
[1F]     W34                                     Info         iob_lib.vh                43      2     Macro 'IOB_GET_RDATA' is never used
[20]     W34                                     Info         iob_lib.vh                51      2     Macro 'IOB_VAR_INIT' is never used
[21]     W34                                     Info         iob_lib.vh                54      2     Macro 'IOB_CLOCK' is never used
[22]     W34                                     Info         iob_lib.vh                57      2     Macro 'IOB_PULSE' is never used
[23]     W34                                     Info         iob_lib.vh                60      2     Macro 'IOB_RESET_SYNC' is never used
[24]     W34                                     Info         iob_lib.vh                70      2     Macro 'VALID_W' is never used
[25]     W34                                     Info         iob_lib.vh                71      2     Macro 'WSTRB_W_' is never used
[26]     W34                                     Info         iob_lib.vh                72      2     Macro 'READY_W' is never used
[27]     W34                                     Info         iob_lib.vh                74      2     Macro 'WRITE_W_' is never used
[28]     W34                                     Info         iob_lib.vh                75      2     Macro 'READ_W_' is never used
[29]     W34                                     Info         iob_lib.vh                79      2     Macro 'WDATA_P_' is never used
[2A]     W34                                     Info         iob_lib.vh                80      2     Macro 'ADDR_P_' is never used
[2B]     W34                                     Info         iob_lib.vh                81      2     Macro 'AVALID_P_' is never used
[2C]     W34                                     Info         iob_lib.vh                83      2     Macro 'RDATA_P' is never used
[2D]     W34                                     Info         iob_lib.vh                88      2     Macro 'REQ_W_' is never used
[2E]     W34                                     Info         iob_lib.vh                90      2     Macro 'RESP_W_' is never used
[2F]     W34                                     Info         iob_lib.vh                97      2     Macro 'REQ_' is never used
[30]     W34                                     Info         iob_lib.vh                100     2     Macro 'RESP_' is never used
[31]     W34                                     Info         iob_lib.vh                103     2     Macro 'AVALID_' is never used
[32]     W34                                     Info         iob_lib.vh                106     2     Macro 'ADDRESS_' is never used
[33]     W34                                     Info         iob_lib.vh                109     2     Macro 'WDATA_' is never used
[34]     W34                                     Info         iob_lib.vh                112     2     Macro 'WSTRB_' is never used
[35]     W34                                     Info         iob_lib.vh                115     2     Macro 'WRITE_' is never used
[36]     W34                                     Info         iob_lib.vh                118     2     Macro 'RDATA_' is never used
[37]     W34                                     Info         iob_lib.vh                121     2     Macro 'RVALID_' is never used
[38]     W34                                     Info         iob_lib.vh                124     2     Macro 'READY_' is never used
[39]     W34                                     Info         iob_lib.vh                130     2     Macro 'WSTRB_W' is never used
[3A]     W34                                     Info         iob_lib.vh                132     2     Macro 'WRITE_W' is never used
[3B]     W34                                     Info         iob_lib.vh                133     2     Macro 'READ_W' is never used
[3C]     W34                                     Info         iob_lib.vh                135     2     Macro 'WDATA_P' is never used
[3D]     W34                                     Info         iob_lib.vh                136     2     Macro 'ADDR_P' is never used
[3E]     W34                                     Info         iob_lib.vh                137     2     Macro 'AVALID_P' is never used
[3F]     W34                                     Info         iob_lib.vh                139     2     Macro 'REQ_W' is never used
[40]     W34                                     Info         iob_lib.vh                140     2     Macro 'RESP_W' is never used
[41]     W34                                     Info         iob_lib.vh                142     2     Macro 'REQ' is never used
[42]     W34                                     Info         iob_lib.vh                143     2     Macro 'RESP' is never used
[43]     W34                                     Info         iob_lib.vh                144     2     Macro 'AVALID' is never used
[44]     W34                                     Info         iob_lib.vh                145     2     Macro 'ADDRESS' is never used
[45]     W34                                     Info         iob_lib.vh                146     2     Macro 'WDATA' is never used
[46]     W34                                     Info         iob_lib.vh                147     2     Macro 'WSTRB' is never used
[47]     W34                                     Info         iob_lib.vh                148     2     Macro 'WRITE' is never used
[48]     W34                                     Info         iob_lib.vh                149     2     Macro 'RDATA' is never used
[49]     W34                                     Info         iob_lib.vh                150     2     Macro 'RVALID' is never used
[4A]     W34                                     Info         iob_lib.vh                151     2     Macro 'READY' is never used
+++++++++++++++++++++++++++++++++++++++++++++++++++++++++++++++++++++++++++++++++++++++
